[INFO] Scanning for projects...
[INFO] 
[INFO] ------------------------< com.emart:ecommerce >-------------------------
[INFO] Building ecommerce 0.0.1-SNAPSHOT
[INFO]   from pom.xml
[INFO] --------------------------------[ jar ]---------------------------------
[INFO] 
[INFO] >>> spring-boot:3.5.11:run (default-cli) > test-compile @ ecommerce >>>
[INFO] 
[INFO] --- resources:3.3.1:resources (default-resources) @ ecommerce ---
[INFO] Copying 1 resource from src\main\resources to target\classes
[INFO] Copying 1 resource from src\main\resources to target\classes
[INFO] 
[INFO] --- compiler:3.14.1:compile (default-compile) @ ecommerce ---
[INFO] Nothing to compile - all classes are up to date.
[INFO] 
[INFO] --- resources:3.3.1:testResources (default-testResources) @ ecommerce ---
[INFO] skip non existing resourceDirectory C:\Users\admin\OneDrive\Documents\GitHub\Ecommerce\backend\src\test\resources
[INFO] 
[INFO] --- compiler:3.14.1:testCompile (default-testCompile) @ ecommerce ---
[INFO] No sources to compile
[INFO] 
[INFO] <<< spring-boot:3.5.11:run (default-cli) < test-compile @ ecommerce <<<
[INFO] 
[INFO] 
[INFO] --- spring-boot:3.5.11:run (default-cli) @ ecommerce ---
[INFO] Attaching agents: []

  .   ____          _            __ _ _
 /\\ / ___'_ __ _ _(_)_ __  __ _ \ \ \ \
( ( )\___ | '_ | '_| | '_ \/ _` | \ \ \ \
 \\/  ___)| |_)| | | | | || (_| |  ) ) ) )
  '  |____| .__|_| |_|_| |_\__, | / / / /
 =========|_|==============|___/=/_/_/_/

 :: Spring Boot ::               (v3.5.11)

2026-02-23T14:08:19.611+05:30  INFO 11568 --- [           main] c.emart.ecommerce.EcommerceApplication   : Starting EcommerceApplication using Java 25.0.2 with PID 11568 (C:\Users\admin\OneDrive\Documents\GitHub\Ecommerce\backend\target\classes started by admin in C:\Users\admin\OneDrive\Documents\GitHub\Ecommerce\backend)
2026-02-23T14:08:19.616+05:30  INFO 11568 --- [           main] c.emart.ecommerce.EcommerceApplication   : No active profile set, falling back to 1 default profile: "default"
2026-02-23T14:08:21.119+05:30  WARN 11568 --- [           main] ConfigServletWebServerApplicationContext : Exception encountered during context initialization - cancelling refresh attempt: org.springframework.beans.factory.parsing.BeanDefinitionParsingException: Configuration problem: @Bean method 'init' must not be declared as void; change the method's return type or its annotation.
Offending resource: class path resource [com/emart/ecommerce/config/FirebaseConfig.class]
2026-02-23T14:08:21.162+05:30  INFO 11568 --- [           main] .s.b.a.l.ConditionEvaluationReportLogger : 

Error starting ApplicationContext. To display the condition evaluation report re-run your application with 'debug' enabled.
2026-02-23T14:08:21.215+05:30 ERROR 11568 --- [           main] o.s.boot.SpringApplication               : Application run failed

org.springframework.beans.factory.parsing.BeanDefinitionParsingException: Configuration problem: @Bean method 'init' must not be declared as void; change the method's return type or its annotation.
Offending resource: class path resource [com/emart/ecommerce/config/FirebaseConfig.class]
	at org.springframework.beans.factory.parsing.FailFastProblemReporter.error(FailFastProblemReporter.java:72) ~[spring-beans-6.2.16.jar:6.2.16]
	at org.springframework.context.annotation.BeanMethod.validate(BeanMethod.java:57) ~[spring-context-6.2.16.jar:6.2.16]
	at org.springframework.context.annotation.ConfigurationClass.validate(ConfigurationClass.java:243) ~[spring-context-6.2.16.jar:6.2.16]
	at org.springframework.context.annotation.ConfigurationClassParser.validate(ConfigurationClassParser.java:228) ~[spring-context-6.2.16.jar:6.2.16]
	at org.springframework.context.annotation.ConfigurationClassPostProcessor.processConfigBeanDefinitions(ConfigurationClassPostProcessor.java:419) ~[spring-context-6.2.16.jar:6.2.16]
	at org.springframework.context.annotation.ConfigurationClassPostProcessor.postProcessBeanDefinitionRegistry(ConfigurationClassPostProcessor.java:290) ~[spring-context-6.2.16.jar:6.2.16]
	at org.springframework.context.support.PostProcessorRegistrationDelegate.invokeBeanDefinitionRegistryPostProcessors(PostProcessorRegistrationDelegate.java:349) ~[spring-context-6.2.16.jar:6.2.16]
	at org.springframework.context.support.PostProcessorRegistrationDelegate.invokeBeanFactoryPostProcessors(PostProcessorRegistrationDelegate.java:118) ~[spring-context-6.2.16.jar:6.2.16]
	at org.springframework.context.support.AbstractApplicationContext.invokeBeanFactoryPostProcessors(AbstractApplicationContext.java:792) ~[spring-context-6.2.16.jar:6.2.16]
	at org.springframework.context.support.AbstractApplicationContext.refresh(AbstractApplicationContext.java:610) ~[spring-context-6.2.16.jar:6.2.16]
	at org.springframework.boot.web.servlet.context.ServletWebServerApplicationContext.refresh(ServletWebServerApplicationContext.java:146) ~[spring-boot-3.5.11.jar:3.5.11]
	at org.springframework.boot.SpringApplication.refresh(SpringApplication.java:752) ~[spring-boot-3.5.11.jar:3.5.11]
	at org.springframework.boot.SpringApplication.refreshContext(SpringApplication.java:439) ~[spring-boot-3.5.11.jar:3.5.11]
	at org.springframework.boot.SpringApplication.run(SpringApplication.java:318) ~[spring-boot-3.5.11.jar:3.5.11]
	at org.springframework.boot.SpringApplication.run(SpringApplication.java:1361) ~[spring-boot-3.5.11.jar:3.5.11]
	at org.springframework.boot.SpringApplication.run(SpringApplication.java:1350) ~[spring-boot-3.5.11.jar:3.5.11]
	at com.emart.ecommerce.EcommerceApplication.main(EcommerceApplication.java:12) ~[classes/:na]

[INFO] ------------------------------------------------------------------------
[INFO] BUILD FAILURE
[INFO] ------------------------------------------------------------------------
[INFO] Total time:  20.004 s
[INFO] Finished at: 2026-02-23T14:08:21+05:30
[INFO] ------------------------------------------------------------------------
[ERROR] Failed to execute goal org.springframework.boot:spring-boot-maven-plugin:3.5.11:run (default-cli) on project ecommerce: Process terminated with exit code: 1 -> [Help 1]
[ERROR] 
[ERROR] To see the full stack trace of the errors, re-run Maven with the -e switch.
[ERROR] Re-run Maven using the -X switch to enable full debug logging.
[ERROR] 
[ERROR] For more information about the errors and possible solutions, please read the following articles:
[ERROR] [Help 1] http://cwiki.apache.org/confluence/display/MAVEN/MojoExecutionException
