[INFO] Scanning for projects...
[INFO] 
[INFO] ------------------------< com.emart:ecommerce >-------------------------
[INFO] Building ecommerce 0.0.1-SNAPSHOT
[INFO]   from pom.xml
[INFO] --------------------------------[ jar ]---------------------------------
[INFO] 
[INFO] --- clean:3.4.1:clean (default-clean) @ ecommerce ---
[INFO] Deleting C:\Users\admin\OneDrive\Documents\GitHub\Ecommerce\backend\target
[INFO] 
[INFO] --- resources:3.3.1:resources (default-resources) @ ecommerce ---
[INFO] Copying 1 resource from src\main\resources to target\classes
[INFO] Copying 1 resource from src\main\resources to target\classes
[INFO] 
[INFO] --- compiler:3.14.1:compile (default-compile) @ ecommerce ---
[INFO] Recompiling the module because of changed source code.
[INFO] Compiling 57 source files with javac [debug parameters release 17] to target\classes
[INFO] -------------------------------------------------------------
[ERROR] COMPILATION ERROR : 
[INFO] -------------------------------------------------------------
[ERROR] /C:/Users/admin/OneDrive/Documents/GitHub/Ecommerce/backend/src/main/java/com/emart/ecommerce/service/ProductServiceImpl.java:[42,71] local variables referenced from a lambda expression must be final or effectively final
[ERROR] /C:/Users/admin/OneDrive/Documents/GitHub/Ecommerce/backend/src/main/java/com/emart/ecommerce/service/ProductServiceImpl.java:[45,77] local variables referenced from a lambda expression must be final or effectively final
[INFO] 2 errors 
[INFO] -------------------------------------------------------------
[INFO] ------------------------------------------------------------------------
[INFO] BUILD FAILURE
[INFO] ------------------------------------------------------------------------
[INFO] Total time:  21.986 s
[INFO] Finished at: 2026-03-04T17:28:18+05:30
[INFO] ------------------------------------------------------------------------
[ERROR] Failed to execute goal org.apache.maven.plugins:maven-compiler-plugin:3.14.1:compile (default-compile) on project ecommerce: Compilation failure: Compilation failure: 
[ERROR] /C:/Users/admin/OneDrive/Documents/GitHub/Ecommerce/backend/src/main/java/com/emart/ecommerce/service/ProductServiceImpl.java:[42,71] local variables referenced from a lambda expression must be final or effectively final
[ERROR] /C:/Users/admin/OneDrive/Documents/GitHub/Ecommerce/backend/src/main/java/com/emart/ecommerce/service/ProductServiceImpl.java:[45,77] local variables referenced from a lambda expression must be final or effectively final
[ERROR] -> [Help 1]
[ERROR] 
[ERROR] To see the full stack trace of the errors, re-run Maven with the -e switch.
[ERROR] Re-run Maven using the -X switch to enable full debug logging.
[ERROR] 
[ERROR] For more information about the errors and possible solutions, please read the following articles:
[ERROR] [Help 1] http://cwiki.apache.org/confluence/display/MAVEN/MojoFailureException
